<!DOCTYPE html>
<html wicket:id="html" xmlns:wicket="http://wicket.apache.org">
<head>
    <meta charset="utf-8">
    <title>Apache Wicket &amp; Bootstrap</title>
</head>

<body style="padding-top: 60px">
<a name="top" style="display: none;"></a>
<a class="sr-only" href="#content">Skip navigation</a>

<header wicket:id="navbar" class="bs-docs-nav"></header>

</body>
</html>
